
> ue-capability-frontend@0.1.0 build
> tsc && vite build

src/pages/CompareView.tsx(3,32): error TS6196: 'DiffEntry' is declared but never used.
