
[1] Parse real LTE sample file
  PASS  RAT is LTE
  PASS  LTE exists
  PASS  Non-empty bands
  PASS  6 bands extracted
  PASS  Band 1 present
  PASS  Band 3 present
  PASS  Band 41 present
  PASS  Band 1 MIMO=4
  PASS  Band 1 256QAM
  PASS  Category=6
  PASS  3 CA combos
  PASS  CA supported
  PASS  FGI present
  PASS  ROHC=True

[2] Parse DUT log (intentionally degraded)
  PASS  DUT RAT is LTE
  PASS  DUT has LTE

[3] Normalized output differs between REF and DUT
  PASS  Different band sets

[4] Compare REF vs DUT ΓåÆ must find real diffs
  PASS  Has diffs (not zero)
  PASS  Has missing-in-dut

  Total diffs found: 7
    [MEDIUM] DiffStatus.VALUE_MISMATCH @ lte.ue_category_dl: dut='4' ref='6'
    [LOW] DiffStatus.VALUE_MISMATCH @ lte.feature_group_indicators: dut='1100101001010011001010100001' ref='1100111001010011101010100001'
    [LOW] DiffStatus.VALUE_MISMATCH @ lte.supported_rlc_um: dut=False ref=True
    [HIGH] DiffStatus.VALUE_MISMATCH @ lte.band[1].dl_mimo_layers: dut=2 ref=4
    [HIGH] DiffStatus.MISSING_IN_DUT @ lte.band[20]: dut=None ref='Band 20'
    [HIGH] DiffStatus.VALUE_MISMATCH @ lte.band[41].ul_64qam: dut=False ref=True
    [?] DiffStatus.VALUE_MISMATCH @ lte.ca_combos.count: dut=2 ref=3

[5] Compare REF to itself ΓåÆ zero diffs
  PASS  Zero diffs (same log)

[6] DL-DCCH-Message format (user's input)
  PASS  DL-DCCH RAT=MULTI
  PASS  DL-DCCH LTE bands
  PASS  DL-DCCH NR bands
  PASS  DL-DCCH NR SA
  FAIL  DL-DCCH NR NSA: got=None expected=False 

=======================================================
RESULTS: 24 passed, 1 failed out of 25 checks
=======================================================
python : mainloop: 
caught unexpected 
SystemExit!
At line:1 char:1
+ python -m pytest > 
test_output.txt 2>&1
+ ~~~~~~~~~~~~~~~~~~~~~
~~~~~~~~~~~~~~~~~~
    + CategoryInfo     
         : NotSpecifi  
  ed: (mainloop: cau   
 ght unexpected Sys    
temExit!:String) [    
], RemoteException
    + FullyQualifiedEr 
   rorId : NativeComm  
  andError
 
============================= test session starts =============================
platform win32 -- Python 3.12.3, pytest-9.0.2, pluggy-1.6.0
rootdir: C:\Users\DELL\OneDrive\Desktop\Prism1\backend
plugins: anyio-4.3.0, asyncio-1.3.0
asyncio: mode=Mode.STRICT, debug=False, asyncio_default_fixture_loop_scope=None, asyncio_default_test_loop_scope=function
collected 0 items
INTERNALERROR> Traceback (most recent call last):
INTERNALERROR>   File "C:\Users\DELL\AppData\Local\Programs\Python\Python312\Lib\site-packages\_pytest\main.py", line 318, in wrap_session
INTERNALERROR>     session.exitstatus = doit(config, session) or 0
INTERNALERROR>                          ^^^^^^^^^^^^^^^^^^^^^
INTERNALERROR>   File "C:\Users\DELL\AppData\Local\Programs\Python\Python312\Lib\site-packages\_pytest\main.py", line 371, in _main
INTERNALERROR>     config.hook.pytest_collection(session=session)
INTERNALERROR>   File "C:\Users\DELL\AppData\Local\Programs\Python\Python312\Lib\site-packages\pluggy\_hooks.py", line 512, in __call__
INTERNALERROR>     return self._hookexec(self.name, self._hookimpls.copy(), kwargs, firstresult)
INTERNALERROR>            ^^^^^^^^^^^^^^^^^^^^^^^^^^^^^^^^^^^^^^^^^^^^^^^^^^^^^^^^^^^^^^^^^^^^^^
INTERNALERROR>   File "C:\Users\DELL\AppData\Local\Programs\Python\Python312\Lib\site-packages\pluggy\_manager.py", line 120, in _hookexec
INTERNALERROR>     return self._inner_hookexec(hook_name, methods, kwargs, firstresult)
INTERNALERROR>            ^^^^^^^^^^^^^^^^^^^^^^^^^^^^^^^^^^^^^^^^^^^^^^^^^^^^^^^^^^^^^
INTERNALERROR>   File "C:\Users\DELL\AppData\Local\Programs\Python\Python312\Lib\site-packages\pluggy\_callers.py", line 167, in _multicall
INTERNALERROR>     raise exception
INTERNALERROR>   File "C:\Users\DELL\AppData\Local\Programs\Python\Python312\Lib\site-packages\pluggy\_callers.py", line 139, in _multicall
INTERNALERROR>     teardown.throw(exception)
INTERNALERROR>   File "C:\Users\DELL\AppData\Local\Programs\Python\Python312\Lib\site-packages\_pytest\logging.py", line 788, in pytest_collection
INTERNALERROR>     return (yield)
INTERNALERROR>             ^^^^^
INTERNALERROR>   File "C:\Users\DELL\AppData\Local\Programs\Python\Python312\Lib\site-packages\pluggy\_callers.py", line 139, in _multicall
INTERNALERROR>     teardown.throw(exception)
INTERNALERROR>   File "C:\Users\DELL\AppData\Local\Programs\Python\Python312\Lib\site-packages\_pytest\warnings.py", line 98, in pytest_collection
INTERNALERROR>     return (yield)
INTERNALERROR>             ^^^^^
INTERNALERROR>   File "C:\Users\DELL\AppData\Local\Programs\Python\Python312\Lib\site-packages\pluggy\_callers.py", line 139, in _multicall
INTERNALERROR>     teardown.throw(exception)
INTERNALERROR>   File "C:\Users\DELL\AppData\Local\Programs\Python\Python312\Lib\site-packages\_pytest\config\__init__.py", line 1403, in pytest_collection
INTERNALERROR>     return (yield)
INTERNALERROR>             ^^^^^
INTERNALERROR>   File "C:\Users\DELL\AppData\Local\Programs\Python\Python312\Lib\site-packages\pluggy\_callers.py", line 121, in _multicall
INTERNALERROR>     res = hook_impl.function(*args)
INTERNALERROR>           ^^^^^^^^^^^^^^^^^^^^^^^^^
INTERNALERROR>   File "C:\Users\DELL\AppData\Local\Programs\Python\Python312\Lib\site-packages\_pytest\main.py", line 382, in pytest_collection
INTERNALERROR>     session.perform_collect()
INTERNALERROR>   File "C:\Users\DELL\AppData\Local\Programs\Python\Python312\Lib\site-packages\_pytest\main.py", line 857, in perform_collect
INTERNALERROR>     self.items.extend(self.genitems(node))
INTERNALERROR>   File "C:\Users\DELL\AppData\Local\Programs\Python\Python312\Lib\site-packages\_pytest\main.py", line 1023, in genitems
INTERNALERROR>     yield from self.genitems(subnode)
INTERNALERROR>   File "C:\Users\DELL\AppData\Local\Programs\Python\Python312\Lib\site-packages\_pytest\main.py", line 1020, in genitems
INTERNALERROR>     rep, duplicate = self._collect_one_node(node, handle_dupes)
INTERNALERROR>                      ^^^^^^^^^^^^^^^^^^^^^^^^^^^^^^^^^^^^^^^^^^
INTERNALERROR>   File "C:\Users\DELL\AppData\Local\Programs\Python\Python312\Lib\site-packages\_pytest\main.py", line 883, in _collect_one_node
INTERNALERROR>     rep = collect_one_node(node)
INTERNALERROR>           ^^^^^^^^^^^^^^^^^^^^^^
INTERNALERROR>   File "C:\Users\DELL\AppData\Local\Programs\Python\Python312\Lib\site-packages\_pytest\runner.py", line 576, in collect_one_node
INTERNALERROR>     rep: CollectReport = ihook.pytest_make_collect_report(collector=collector)
INTERNALERROR>                          ^^^^^^^^^^^^^^^^^^^^^^^^^^^^^^^^^^^^^^^^^^^^^^^^^^^^^
INTERNALERROR>   File "C:\Users\DELL\AppData\Local\Programs\Python\Python312\Lib\site-packages\pluggy\_hooks.py", line 512, in __call__
INTERNALERROR>     return self._hookexec(self.name, self._hookimpls.copy(), kwargs, firstresult)
INTERNALERROR>            ^^^^^^^^^^^^^^^^^^^^^^^^^^^^^^^^^^^^^^^^^^^^^^^^^^^^^^^^^^^^^^^^^^^^^^
INTERNALERROR>   File "C:\Users\DELL\AppData\Local\Programs\Python\Python312\Lib\site-packages\pluggy\_manager.py", line 120, in _hookexec
INTERNALERROR>     return self._inner_hookexec(hook_name, methods, kwargs, firstresult)
INTERNALERROR>            ^^^^^^^^^^^^^^^^^^^^^^^^^^^^^^^^^^^^^^^^^^^^^^^^^^^^^^^^^^^^^
INTERNALERROR>   File "C:\Users\DELL\AppData\Local\Programs\Python\Python312\Lib\site-packages\pluggy\_callers.py", line 167, in _multicall
INTERNALERROR>     raise exception
INTERNALERROR>   File "C:\Users\DELL\AppData\Local\Programs\Python\Python312\Lib\site-packages\pluggy\_callers.py", line 139, in _multicall
INTERNALERROR>     teardown.throw(exception)
INTERNALERROR>   File "C:\Users\DELL\AppData\Local\Programs\Python\Python312\Lib\site-packages\_pytest\capture.py", line 880, in pytest_make_collect_report
INTERNALERROR>     rep = yield
INTERNALERROR>           ^^^^^
INTERNALERROR>   File "C:\Users\DELL\AppData\Local\Programs\Python\Python312\Lib\site-packages\pluggy\_callers.py", line 121, in _multicall
INTERNALERROR>     res = hook_impl.function(*args)
INTERNALERROR>           ^^^^^^^^^^^^^^^^^^^^^^^^^
INTERNALERROR>   File "C:\Users\DELL\AppData\Local\Programs\Python\Python312\Lib\site-packages\_pytest\runner.py", line 400, in pytest_make_collect_report
INTERNALERROR>     call = CallInfo.from_call(
INTERNALERROR>            ^^^^^^^^^^^^^^^^^^^
INTERNALERROR>   File "C:\Users\DELL\AppData\Local\Programs\Python\Python312\Lib\site-packages\_pytest\runner.py", line 353, in from_call
INTERNALERROR>     result: TResult | None = func()
INTERNALERROR>                              ^^^^^^
INTERNALERROR>   File "C:\Users\DELL\AppData\Local\Programs\Python\Python312\Lib\site-packages\_pytest\runner.py", line 398, in collect
INTERNALERROR>     return list(collector.collect())
INTERNALERROR>                 ^^^^^^^^^^^^^^^^^^^
INTERNALERROR>   File "C:\Users\DELL\AppData\Local\Programs\Python\Python312\Lib\site-packages\_pytest\python.py", line 563, in collect
INTERNALERROR>     self._register_setup_module_fixture()
INTERNALERROR>   File "C:\Users\DELL\AppData\Local\Programs\Python\Python312\Lib\site-packages\_pytest\python.py", line 576, in _register_setup_module_fixture
INTERNALERROR>     self.obj, ("setUpModule", "setup_module")
INTERNALERROR>     ^^^^^^^^
INTERNALERROR>   File "C:\Users\DELL\AppData\Local\Programs\Python\Python312\Lib\site-packages\_pytest\python.py", line 289, in obj
INTERNALERROR>     self._obj = obj = self._getobj()
INTERNALERROR>                       ^^^^^^^^^^^^^^
INTERNALERROR>   File "C:\Users\DELL\AppData\Local\Programs\Python\Python312\Lib\site-packages\_pytest\python.py", line 560, in _getobj
INTERNALERROR>     return importtestmodule(self.path, self.config)
INTERNALERROR>            ^^^^^^^^^^^^^^^^^^^^^^^^^^^^^^^^^^^^^^^^
INTERNALERROR>   File "C:\Users\DELL\AppData\Local\Programs\Python\Python312\Lib\site-packages\_pytest\python.py", line 507, in importtestmodule
INTERNALERROR>     mod = import_path(
INTERNALERROR>           ^^^^^^^^^^^^
INTERNALERROR>   File "C:\Users\DELL\AppData\Local\Programs\Python\Python312\Lib\site-packages\_pytest\pathlib.py", line 587, in import_path
INTERNALERROR>     importlib.import_module(module_name)
INTERNALERROR>   File "C:\Users\DELL\AppData\Local\Programs\Python\Python312\Lib\importlib\__init__.py", line 90, in import_module
INTERNALERROR>     return _bootstrap._gcd_import(name[level:], package, level)
INTERNALERROR>            ^^^^^^^^^^^^^^^^^^^^^^^^^^^^^^^^^^^^^^^^^^^^^^^^^^^^
INTERNALERROR>   File "<frozen importlib._bootstrap>", line 1387, in _gcd_import
INTERNALERROR>   File "<frozen importlib._bootstrap>", line 1360, in _find_and_load
INTERNALERROR>   File "<frozen importlib._bootstrap>", line 1331, in _find_and_load_unlocked
INTERNALERROR>   File "<frozen importlib._bootstrap>", line 935, in _load_unlocked
INTERNALERROR>   File "C:\Users\DELL\AppData\Local\Programs\Python\Python312\Lib\site-packages\_pytest\assertion\rewrite.py", line 197, in exec_module
INTERNALERROR>     exec(co, module.__dict__)
INTERNALERROR>   File "C:\Users\DELL\OneDrive\Desktop\Prism1\backend\test_e2e.py", line 137, in <module>
INTERNALERROR>     sys.exit(0 if FAIL == 0 else 1)
INTERNALERROR> SystemExit: 1

============================ no tests ran in 0.30s ============================
